Microchip MPLAB XC8 Compiler V2.36

Linker command line:

-W-3 --edf=C:\Program Files\Microchip\xc8\v2.36\pic\dat\en_msgs.txt -cn \
  -h+dist/default/production\LR3-Controller.X.production.sym \
  --cmf=dist/default/production\LR3-Controller.X.production.cmf -z \
  -Q16F1619 -oC:\Users\splee\AppData\Local\Temp\xcAsdp8.4 \
  --defsym=__MPLAB_BUILD=1 \
  -Mdist/default/production/LR3-Controller.X.production.map \
  --md=C:\Users\splee\AppData\Local\Temp\xcAsdp8.dat -E1 -ver=XC8 Compiler \
  --acfsm=1493 -ACODE=00h-07FFhx4 -ASTRCODE=00h-01FFFh -ASTRING=00h-0FFhx32 \
  -ACONST=00h-0FFhx32 -AENTRY=00h-0FFhx32 -ACOMMON=070h-07Fh \
  -ABANK0=020h-06Fh -ABANK1=0A0h-0EFh -ABANK2=0120h-016Fh \
  -ABANK3=01A0h-01EFh -ABANK4=0220h-026Fh -ABANK5=02A0h-02EFh \
  -ABANK6=0320h-036Fh -ABANK7=03A0h-03EFh -ABANK8=0420h-046Fh \
  -ABANK9=04A0h-04EFh -ABANK10=0520h-056Fh -ABANK11=05A0h-05EFh \
  -ABANK12=0620h-064Fh -ABIGRAM=02000h-023EFh \
  -ARAM=020h-06Fh,0A0h-0EFh,0120h-016Fh,01A0h-01EFh,0220h-026Fh,02A0h-02EFh,0320h-036Fh,03A0h-03EFh,0420h-046Fh,04A0h-04EFh,0520h-056Fh,05A0h-05EFh,0620h-064Fh \
  -AABS1=020h-07Fh,0A0h-0EFh,0120h-016Fh,01A0h-01EFh,0220h-026Fh,02A0h-02EFh,0320h-036Fh,03A0h-03EFh,0420h-046Fh,04A0h-04EFh,0520h-056Fh,05A0h-05EFh,0620h-064Fh \
  -ASFR0=00h-01Fh -ASFR1=080h-09Fh -ASFR2=0100h-011Fh -ASFR3=0180h-019Fh \
  -ASFR4=0200h-021Fh -ASFR5=0280h-029Fh -ASFR6=0300h-031Fh \
  -ASFR7=0380h-039Fh -ASFR8=0400h-041Fh -ASFR9=0480h-049Fh \
  -ASFR10=0500h-051Fh -ASFR11=0580h-059Fh -ASFR12=0600h-061Fh \
  -ASFR13=0680h-06EFh -ASFR14=0700h-076Fh -ASFR15=0780h-07EFh \
  -ASFR16=0800h-086Fh -ASFR17=0880h-08EFh -ASFR18=0900h-096Fh \
  -ASFR19=0980h-09EFh -ASFR20=0A00h-0A6Fh -ASFR21=0A80h-0AEFh \
  -ASFR22=0B00h-0B6Fh -ASFR23=0B80h-0BEFh -ASFR24=0C00h-0C6Fh \
  -ASFR25=0C80h-0CEFh -ASFR26=0D00h-0D6Fh -ASFR27=0D80h-0DEFh \
  -ASFR28=0E00h-0E6Fh -ASFR29=0E80h-0EEFh -ASFR30=0F00h-0F6Fh \
  -ASFR31=0F80h-0FEFh -ACONFIG=08007h-08009h -DCONFIG=2 \
  -AIDLOC=08000h-08003h -DIDLOC=2 -DCODE=2 -DSTRCODE=2 -DSTRING=2 -DCONST=2 \
  -DENTRY=2 -preset_vec=00h,intentry=04h,init,end_init -ppowerup=CODE \
  -pcinit=CODE -pfunctab=ENTRY -k \
  C:\Users\splee\AppData\Local\Temp\xcAsdp8.o \
  dist/default/production\LR3-Controller.X.production.o 

Object code version is 3.11

Machine type is 16F1619



                Name                               Link     Load   Length Selector   Space Scale
C:\Users\splee\AppData\Local\Temp\xcAsdp8.o
                end_init                             19       19        2        8       0
                reset_vec                             0        0        2        0       0
                config                             8007     8007        3        0       4
                idloc                              8000     8000        4        0       5
dist/default/production\LR3-Controller.X.production.o
                cinit                                1B       1B       20        8       0
                intentry                              4        4       15        8       0
                config                             8007     8007        3        0       4
                idloc                              8000     8000        4        0       5
                text53                              BE0      BE0       4A     17C0       0
                text52                              8B2      8B2       17     1164       0
                text51                              AF0      AF0       35     15E0       0
                text50                              A5B      A5B       30     14B6       0
                text49                              B9A      B9A       46     1734       0
                text48                              CBE      CBE       5A     197C       0
                text47                              D18      D18       5A     1A30       0
                text46                              C2A      C2A       4A     1854       0
                text45                                3        3        1        6       0
                text44                              88F      88F        D     111E       0
                text43                              89C      89C       16     1138       0
                text41                              99D      99D       21     133A       0
                text40                              84D      84D        9     109A       0
                text39                              821      821        6     1042       0
                text38                              827      827        6     104E       0
                text37                              82D      82D        6     105A       0
                text36                              A06      A06       26     140C       0
                text35                              877      877        C     10EE       0
                text34                              A8B      A8B       32     1516       0
                text33                              856      856        B     10AC       0
                text32                              861      861        B     10C2       0
                text31                              883      883        C     1106       0
                text30                              833      833        6     1066       0
                text29                              8C9      8C9       18     1192       0
                text28                              8F9      8F9       19     11F2       0
                text27                              33E      33E      1E9        8       0
                text26                              9BE      9BE       24     137C       0
                text25                               3B       3B      303        8       0
                text24                              E31      E31       75     1C62       0
                text23                              EA6      EA6       AD     1D4C       0
                text22                              912      912       19     1224       0
                text21                              92B      92B       19     1256       0
                text20                              B5D      B5D       3D     16BA       0
                text19                              97D      97D       20     12FA       0
                text18                              95F      95F       1E     12BE       0
                text17                              6C1      6C1       E8        8       0
                text16                              816      816        3     102C       0
                text15                              819      819        4     1032       0
                text14                              9E2      9E2       24     13C4       0
                text13                              7FD      7FD        3        8       0
                text12                              81D      81D        4     103A       0
                text11                              86C      86C        B     10D8       0
                text10                              DD1      DD1       60     1BA2       0
                text9                               7A9      7A9       54        8       0
                text8                               8E1      8E1       18     11C2       0
                text7                               B25      B25       38     164A       0
                text6                               ABD      ABD       33     157A       0
                text5                               C74      C74       4A     18E8       0
                text4                               D72      D72       5F     1AE4       0
                text3                               F53      F53       AD     1EA6       0
                text2                               944      944       1B     1288       0
                text1                               A2C      A2C       2F     1458       0
                maintext                            527      527      19A        8       0
                cstackBANK0                          20       20       30       20       1
                cstackCOMMON                         70       70        E       70       1
                cstackBANK1                          A0       A0       41       A0       1
                clrtext                             839      839        6     1072       0
                inittext                            83F      83F        6     107E       0
                dataBANK1                            E1       E1        8       A0       1
                bssBANK1                             E9       E9        7       A0       1
                bssBANK0                             50       50       10       20       1
                stringtext3                        1000     1000       30     2000       0
                stringtext2                        1041     1041        4     2000       0
                stringtext1                        1030     1030       11     2000       0
                idataBANK1                          845      845        8     108A       0

TOTAL           Name                               Link     Load   Length     Space
        CLASS   CODE           
                end_init                             19       19        2         0
                cinit                                1B       1B       20         0
                intentry                              4        4       15         0
                reset_vec                             0        0        2         0
                text53                              BE0      BE0       4A         0
                text52                              8B2      8B2       17         0
                text51                              AF0      AF0       35         0
                text50                              A5B      A5B       30         0
                text49                              B9A      B9A       46         0
                text48                              CBE      CBE       5A         0
                text47                              D18      D18       5A         0
                text46                              C2A      C2A       4A         0
                text45                                3        3        1         0
                text44                              88F      88F        D         0
                text43                              89C      89C       16         0
                text41                              99D      99D       21         0
                text40                              84D      84D        9         0
                text39                              821      821        6         0
                text38                              827      827        6         0
                text37                              82D      82D        6         0
                text36                              A06      A06       26         0
                text35                              877      877        C         0
                text34                              A8B      A8B       32         0
                text33                              856      856        B         0
                text32                              861      861        B         0
                text31                              883      883        C         0
                text30                              833      833        6         0
                text29                              8C9      8C9       18         0
                text28                              8F9      8F9       19         0
                text27                              33E      33E      1E9         0
                text26                              9BE      9BE       24         0
                text25                               3B       3B      303         0
                text24                              E31      E31       75         0
                text23                              EA6      EA6       AD         0
                text22                              912      912       19         0
                text21                              92B      92B       19         0
                text20                              B5D      B5D       3D         0
                text19                              97D      97D       20         0
                text18                              95F      95F       1E         0
                text17                              6C1      6C1       E8         0
                text16                              816      816        3         0
                text15                              819      819        4         0
                text14                              9E2      9E2       24         0
                text13                              7FD      7FD        3         0
                text12                              81D      81D        4         0
                text11                              86C      86C        B         0
                text10                              DD1      DD1       60         0
                text9                               7A9      7A9       54         0
                text8                               8E1      8E1       18         0
                text7                               B25      B25       38         0
                text6                               ABD      ABD       33         0
                text5                               C74      C74       4A         0
                text4                               D72      D72       5F         0
                text3                               F53      F53       AD         0
                text2                               944      944       1B         0
                text1                               A2C      A2C       2F         0
                maintext                            527      527      19A         0
                clrtext                             839      839        6         0
                inittext                            83F      83F        6         0
                idataBANK1                          845      845        8         0

        CLASS   STRCODE        
                stringtext3                        1000     1000       30         0
                stringtext2                        1041     1041        4         0
                stringtext1                        1030     1030       11         0

        CLASS   STRING         

        CLASS   CONST          

        CLASS   ENTRY          

        CLASS   COMMON         
                cstackCOMMON                         70       70        E         1

        CLASS   BANK0          
                cstackBANK0                          20       20       30         1
                bssBANK0                             50       50       10         1

        CLASS   BANK1          
                cstackBANK1                          A0       A0       41         1
                dataBANK1                            E1       E1        8         1
                bssBANK1                             E9       E9        7         1

        CLASS   BANK2          

        CLASS   BANK3          

        CLASS   BANK4          

        CLASS   BANK5          

        CLASS   BANK6          

        CLASS   BANK7          

        CLASS   BANK8          

        CLASS   BANK9          

        CLASS   BANK10         

        CLASS   BANK11         

        CLASS   BANK12         

        CLASS   BIGRAM         

        CLASS   RAM            

        CLASS   ABS1           
                abs_s1                               7E       7E        2         1

        CLASS   SFR0           

        CLASS   SFR1           

        CLASS   SFR2           

        CLASS   SFR3           

        CLASS   SFR4           

        CLASS   SFR5           

        CLASS   SFR6           

        CLASS   SFR7           

        CLASS   SFR8           

        CLASS   SFR9           

        CLASS   SFR10          

        CLASS   SFR11          

        CLASS   SFR12          

        CLASS   SFR13          

        CLASS   SFR14          

        CLASS   SFR15          

        CLASS   SFR16          

        CLASS   SFR17          

        CLASS   SFR18          

        CLASS   SFR19          

        CLASS   SFR20          

        CLASS   SFR21          

        CLASS   SFR22          

        CLASS   SFR23          

        CLASS   SFR24          

        CLASS   SFR25          

        CLASS   SFR26          

        CLASS   SFR27          

        CLASS   SFR28          

        CLASS   SFR29          

        CLASS   SFR30          

        CLASS   SFR31          

        CLASS   CONFIG         
                config                             8007     8007        3         4

        CLASS   IDLOC          
                idloc                              8000     8000        4         5

        CLASS   BANK31         

        CLASS   BANK30         

        CLASS   BANK29         

        CLASS   BANK28         

        CLASS   BANK27         

        CLASS   BANK26         

        CLASS   BANK25         

        CLASS   BANK24         

        CLASS   BANK23         

        CLASS   BANK22         

        CLASS   BANK21         

        CLASS   BANK20         

        CLASS   BANK19         

        CLASS   BANK18         

        CLASS   BANK17         

        CLASS   BANK16         

        CLASS   BANK15         

        CLASS   BANK14         

        CLASS   BANK13         

        CLASS   HEAP           

        CLASS   STACK          

        CLASS   EEDATA         



SEGMENTS        Name                           Load    Length   Top    Selector   Space  Class     Delta

                reset_vec                      000000  000002  000002         0       0  CODE        2
                text45                         000003  000001  000004         6       0  CODE        2
                intentry                       000004  0007FC  000800         8       0  CODE        2
                cstackBANK0                    000020  000040  000060        20       1  BANK0       1
                cstackCOMMON                   000070  00000E  00007E        70       1  COMMON      1
                cstackBANK1                    0000A0  000050  0000F0        A0       1  BANK1       1
                text16                         000816  000003  000819      102C       0  CODE        2
                text15                         000819  000004  00081D      1032       0  CODE        2
                text12                         00081D  000004  000821      103A       0  CODE        2
                text39                         000821  000006  000827      1042       0  CODE        2
                text38                         000827  000006  00082D      104E       0  CODE        2
                text37                         00082D  000006  000833      105A       0  CODE        2
                text30                         000833  000006  000839      1066       0  CODE        2
                clrtext                        000839  000006  00083F      1072       0  CODE        2
                inittext                       00083F  000006  000845      107E       0  CODE        2
                idataBANK1                     000845  000008  00084D      108A       0  CODE        2
                text40                         00084D  000009  000856      109A       0  CODE        2
                text33                         000856  00000B  000861      10AC       0  CODE        2
                text32                         000861  00000B  00086C      10C2       0  CODE        2
                text11                         00086C  00000B  000877      10D8       0  CODE        2
                text35                         000877  00000C  000883      10EE       0  CODE        2
                text31                         000883  00000C  00088F      1106       0  CODE        2
                text44                         00088F  00000D  00089C      111E       0  CODE        2
                text43                         00089C  000016  0008B2      1138       0  CODE        2
                text52                         0008B2  000017  0008C9      1164       0  CODE        2
                text29                         0008C9  000018  0008E1      1192       0  CODE        2
                text8                          0008E1  000018  0008F9      11C2       0  CODE        2
                text28                         0008F9  000019  000912      11F2       0  CODE        2
                text22                         000912  000019  00092B      1224       0  CODE        2
                text21                         00092B  000019  000944      1256       0  CODE        2
                text2                          000944  00001B  00095F      1288       0  CODE        2
                text18                         00095F  00001E  00097D      12BE       0  CODE        2
                text19                         00097D  000020  00099D      12FA       0  CODE        2
                text41                         00099D  000021  0009BE      133A       0  CODE        2
                text26                         0009BE  000024  0009E2      137C       0  CODE        2
                text14                         0009E2  000024  000A06      13C4       0  CODE        2
                text36                         000A06  000026  000A2C      140C       0  CODE        2
                text1                          000A2C  00002F  000A5B      1458       0  CODE        2
                text50                         000A5B  000030  000A8B      14B6       0  CODE        2
                text34                         000A8B  000032  000ABD      1516       0  CODE        2
                text6                          000ABD  000033  000AF0      157A       0  CODE        2
                text51                         000AF0  000035  000B25      15E0       0  CODE        2
                text7                          000B25  000038  000B5D      164A       0  CODE        2
                text20                         000B5D  00003D  000B9A      16BA       0  CODE        2
                text49                         000B9A  000046  000BE0      1734       0  CODE        2
                text53                         000BE0  00004A  000C2A      17C0       0  CODE        2
                text46                         000C2A  00004A  000C74      1854       0  CODE        2
                text5                          000C74  00004A  000CBE      18E8       0  CODE        2
                text48                         000CBE  00005A  000D18      197C       0  CODE        2
                text47                         000D18  00005A  000D72      1A30       0  CODE        2
                text4                          000D72  00005F  000DD1      1AE4       0  CODE        2
                text10                         000DD1  000060  000E31      1BA2       0  CODE        2
                text24                         000E31  000075  000EA6      1C62       0  CODE        2
                text23                         000EA6  0000AD  000F53      1D4C       0  CODE        2
                text3                          000F53  0000AD  001000      1EA6       0  CODE        2
                stringtext3                    001000  000045  001045      2000       0  STRCODE     2


UNUSED ADDRESS RANGES

        Name                Unused          Largest block    Delta
        BANK0            00060-0006F              10           1
        BANK10           00520-0056F              50           1
        BANK11           005A0-005EF              50           1
        BANK12           00620-0064F              30           1
        BANK2            00120-0016F              50           1
        BANK3            001A0-001EF              50           1
        BANK4            00220-0026F              50           1
        BANK5            002A0-002EF              50           1
        BANK6            00320-0036F              50           1
        BANK7            003A0-003EF              50           1
        BANK8            00420-0046F              50           1
        BANK9            004A0-004EF              50           1
        BIGRAM           02000-023EF             3F0           1
        CODE             00002-00002               1           2
                         00800-00815              16
                         01045-01FFF             7BB
        CONST            00002-00002               1           2
                         00800-00815              16
                         01045-01FFF             100
        ENTRY            00002-00002               1           2
                         00800-00815              16
                         01045-01FFF             100
        RAM              00060-0006F              10           1
                         00120-0016F              50
                         001A0-001EF              50
                         00220-0026F              50
                         002A0-002EF              50
                         00320-0036F              50
                         003A0-003EF              50
                         00420-0046F              50
                         004A0-004EF              50
                         00520-0056F              50
                         005A0-005EF              50
                         00620-0064F              30
        SFR0             00000-0001F              20           1
        SFR1             00080-0009F              20           1
        SFR10            00500-0051F              20           1
        SFR11            00580-0059F              20           1
        SFR12            00600-0061F              20           1
        SFR13            00680-006EF              70           1
        SFR14            00700-0076F              70           1
        SFR15            00780-007EF              70           1
        SFR16            00800-0086F              70           1
        SFR17            00880-008EF              70           1
        SFR18            00900-0096F              70           1
        SFR19            00980-009EF              70           1
        SFR2             00100-0011F              20           1
        SFR20            00A00-00A6F              70           1
        SFR21            00A80-00AEF              70           1
        SFR22            00B00-00B6F              70           1
        SFR23            00B80-00BEF              70           1
        SFR24            00C00-00C6F              70           1
        SFR25            00C80-00CEF              70           1
        SFR26            00D00-00D6F              70           1
        SFR27            00D80-00DEF              70           1
        SFR28            00E00-00E6F              70           1
        SFR29            00E80-00EEF              70           1
        SFR3             00180-0019F              20           1
        SFR30            00F00-00F6F              70           1
        SFR31            00F80-00FEF              70           1
        SFR4             00200-0021F              20           1
        SFR5             00280-0029F              20           1
        SFR6             00300-0031F              20           1
        SFR7             00380-0039F              20           1
        SFR8             00400-0041F              20           1
        SFR9             00480-0049F              20           1
        STRCODE          00002-00002               1           2
                         00800-00815              16
                         01045-01FFF             FBB
        STRING           00002-00002               1           2
                         00800-00815              16
                         01045-01FFF             100

                                  Symbol Table

?_ADC_GetConversion                            cstackBANK0  00030
?__Umul8_16                                    cstackBANK0  00030
?___awdiv                                      cstackBANK0  00030
?___awmod                                      cstackBANK0  00030
?___fldiv                                      cstackBANK1  000AD
?___flmul                                      cstackBANK0  0003E
?___fltol                                      cstackBANK1  000C2
?___llmod                                      cstackCOMMON 00070
?___lwdiv                                      cstackBANK0  00036
?___wmul                                       cstackBANK0  00030
?___xxtofl                                     cstackBANK0  00030
?_duty_cycle                                   cstackBANK0  0003E
ADC_GetConversion@channel                      cstackBANK0  00033
EUSART_SetErrorHandler@interruptHandler        cstackBANK0  00030
EUSART_SetFramingErrorHandler@interruptHandler cstackBANK0  00030
EUSART_SetOverrunErrorHandler@interruptHandler cstackBANK0  00030
PWM3_LoadDutyValue@dutyValue                   cstackBANK0  00040
PWM4_LoadDutyValue@dutyValue                   cstackBANK0  00040
TMR4_ISR@CountCallBack                         bssBANK0     00050
TMR4_SetInterruptHandler@InterruptHandler      cstackBANK0  00030
_ADCON0                                        (abs)        0009D
_ADCON0bits                                    (abs)        0009D
_ADCON1                                        (abs)        0009E
_ADCON2                                        (abs)        0009F
_ADC_GetConversion                             text41       0099D
_ADC_Initialize                                text40       0084D
_ADRESH                                        (abs)        0009C
_ADRESL                                        (abs)        0009B
_ANSELA                                        (abs)        0018C
_ANSELB                                        (abs)        0018D
_ANSELC                                        (abs)        0018E
_BAUD1CON                                      (abs)        0019F
_BORCON                                        (abs)        00116
_CCPTMRSbits                                   (abs)        0029E
_EUSART_DefaultErrorHandler                    (abs)        00000
_EUSART_DefaultFramingErrorHandler             (abs)        00000
_EUSART_DefaultOverrunErrorHandler             (abs)        00000
_EUSART_ErrorHandler                           bssBANK0     00054
_EUSART_FramingErrorHandler                    bssBANK0     00058
_EUSART_Initialize                             text36       00A06
_EUSART_OverrunErrorHandler                    bssBANK0     00056
_EUSART_SetErrorHandler                        text39       00821
_EUSART_SetFramingErrorHandler                 text38       00827
_EUSART_SetOverrunErrorHandler                 text37       0082D
_INLVLA                                        (abs)        0038C
_INLVLB                                        (abs)        0038D
_INLVLC                                        (abs)        0038E
_INTCONbits                                    (abs)        0000B
_INTERRUPT_InterruptManager                    intentry     00004
_LATA                                          (abs)        0010C
_LATAbits                                      (abs)        0010C
_LATB                                          (abs)        0010D
_LATC                                          (abs)        0010E
_LATCbits                                      (abs)        0010E
_ODCONA                                        (abs)        0028C
_ODCONB                                        (abs)        0028D
_ODCONC                                        (abs)        0028E
_OPTION_REGbits                                (abs)        00095
_OSCCON                                        (abs)        00099
_OSCILLATOR_Initialize                         text35       00877
_OSCTUNE                                       (abs)        00098
_PIE2bits                                      (abs)        00091
_PIN_MANAGER_Initialize                        text34       00A8B
_PIR1bits                                      (abs)        00010
_PIR2bits                                      (abs)        00011
_PLLR                                          (abs)        004D6
_PORTCbits                                     (abs)        0000E
_PR2                                           (abs)        0001B
_PR4                                           (abs)        00414
_PWM3CON                                       (abs)        00619
_PWM3DCH                                       (abs)        00618
_PWM3DCL                                       (abs)        00617
_PWM3_Initialize                               text33       00856
_PWM3_LoadDutyValue                            text21       0092B
_PWM4CON                                       (abs)        0061C
_PWM4DCH                                       (abs)        0061B
_PWM4DCL                                       (abs)        0061A
_PWM4_Initialize                               text32       00861
_PWM4_LoadDutyValue                            text22       00912
_RB7PPS                                        (abs)        00E9F
_RC1REG                                        (abs)        00199
_RC1STA                                        (abs)        0019D
_RC1STAbits                                    (abs)        0019D
_RC6PPS                                        (abs)        00EA6
_RC7PPS                                        (abs)        00EA7
_SLRCONA                                       (abs)        0030C
_SLRCONB                                       (abs)        0030D
_SLRCONC                                       (abs)        0030E
_SPBRGH                                        (abs)        0019C
_SPBRGL                                        (abs)        0019B
_SYSTEM_Initialize                             text28       008F9
_T2CLKCON                                      (abs)        0001E
_T2CON                                         (abs)        0001C
_T2CONbits                                     (abs)        0001C
_T2HLT                                         (abs)        0001D
_T2HLTbits                                     (abs)        0001D
_T2PR                                          (abs)        0001B
_T2RST                                         (abs)        0001F
_T2RSTbits                                     (abs)        0001F
_T2TMR                                         (abs)        0001A
_T4CLKCON                                      (abs)        00417
_T4CON                                         (abs)        00415
_T4CONbits                                     (abs)        00415
_T4HLT                                         (abs)        00416
_T4HLTbits                                     (abs)        00416
_T4PR                                          (abs)        00414
_T4RST                                         (abs)        00418
_T4RSTbits                                     (abs)        00418
_T4TMR                                         (abs)        00413
_TMR2                                          (abs)        0001A
_TMR2_Initialize                               text31       00883
_TMR4                                          (abs)        00413
_TMR4_CallBack                                 text44       0088F
_TMR4_DefaultInterruptHandler                  text45       00003
_TMR4_ISR                                      text43       0089C
_TMR4_Initialize                               text29       008C9
_TMR4_InterruptHandler                         bssBANK0     00052
_TMR4_SetInterruptHandler                      text30       00833
_TMR4_Start                                    text16       00816
_TMR4_StartTimer                               text15       00819
_TMR4_Stop                                     text13       007FD
_TMR4_StopTimer                                text12       0081D
_TRISA                                         (abs)        0008C
_TRISB                                         (abs)        0008D
_TRISC                                         (abs)        0008E
_TX1REG                                        (abs)        0019A
_TX1STA                                        (abs)        0019E
_TX1STAbits                                    (abs)        0019E
_WPUA                                          (abs)        0020C
_WPUB                                          (abs)        0020D
_WPUC                                          (abs)        0020E
__Habs1                                        abs1         00000
__Hbank0                                       bank0        00000
__Hbank1                                       bank1        00000
__Hbank10                                      bank10       00000
__Hbank11                                      bank11       00000
__Hbank12                                      bank12       00000
__Hbank13                                      bank13       00000
__Hbank14                                      bank14       00000
__Hbank15                                      bank15       00000
__Hbank16                                      bank16       00000
__Hbank17                                      bank17       00000
__Hbank18                                      bank18       00000
__Hbank19                                      bank19       00000
__Hbank2                                       bank2        00000
__Hbank20                                      bank20       00000
__Hbank21                                      bank21       00000
__Hbank22                                      bank22       00000
__Hbank23                                      bank23       00000
__Hbank24                                      bank24       00000
__Hbank25                                      bank25       00000
__Hbank26                                      bank26       00000
__Hbank27                                      bank27       00000
__Hbank28                                      bank28       00000
__Hbank29                                      bank29       00000
__Hbank3                                       bank3        00000
__Hbank30                                      bank30       00000
__Hbank31                                      bank31       00000
__Hbank4                                       bank4        00000
__Hbank5                                       bank5        00000
__Hbank6                                       bank6        00000
__Hbank7                                       bank7        00000
__Hbank8                                       bank8        00000
__Hbank9                                       bank9        00000
__Hbigram                                      bigram       00000
__HbssBANK0                                    bssBANK0     00000
__HbssBANK1                                    bssBANK1     00000
__Hcinit                                       cinit        0003B
__Hclrtext                                     clrtext      00000
__Hcode                                        code         00000
__Hcommon                                      common       00000
__Hconfig                                      config       0800A
__HcstackBANK0                                 cstackBANK0  00000
__HcstackBANK1                                 cstackBANK1  00000
__HcstackCOMMON                                cstackCOMMON 00000
__HdataBANK1                                   dataBANK1    00000
__Heeprom_data                                 eeprom_data  00000
__Hend_init                                    end_init     0001B
__Hfunctab                                     functab      00000
__Hheap                                        heap         00000
__HidataBANK1                                  idataBANK1   00000
__Hidloc                                       idloc        08004
__Hinit                                        init         00019
__Hinittext                                    inittext     00000
__Hintentry                                    intentry     00019
__Hmaintext                                    maintext     00000
__Hpowerup                                     powerup      00000
__Hram                                         ram          00000
__Hreset_vec                                   reset_vec    00002
__Hsfr0                                        sfr0         00000
__Hsfr1                                        sfr1         00000
__Hsfr10                                       sfr10        00000
__Hsfr11                                       sfr11        00000
__Hsfr12                                       sfr12        00000
__Hsfr13                                       sfr13        00000
__Hsfr14                                       sfr14        00000
__Hsfr15                                       sfr15        00000
__Hsfr16                                       sfr16        00000
__Hsfr17                                       sfr17        00000
__Hsfr18                                       sfr18        00000
__Hsfr19                                       sfr19        00000
__Hsfr2                                        sfr2         00000
__Hsfr20                                       sfr20        00000
__Hsfr21                                       sfr21        00000
__Hsfr22                                       sfr22        00000
__Hsfr23                                       sfr23        00000
__Hsfr24                                       sfr24        00000
__Hsfr25                                       sfr25        00000
__Hsfr26                                       sfr26        00000
__Hsfr27                                       sfr27        00000
__Hsfr28                                       sfr28        00000
__Hsfr29                                       sfr29        00000
__Hsfr3                                        sfr3         00000
__Hsfr30                                       sfr30        00000
__Hsfr31                                       sfr31        00000
__Hsfr4                                        sfr4         00000
__Hsfr5                                        sfr5         00000
__Hsfr6                                        sfr6         00000
__Hsfr7                                        sfr7         00000
__Hsfr8                                        sfr8         00000
__Hsfr9                                        sfr9         00000
__Hspace_0                                     (abs)        01045
__Hspace_1                                     (abs)        000F0
__Hspace_2                                     (abs)        00000
__Hspace_3                                     (abs)        00000
__Hspace_4                                     (abs)        10011
__Hstack                                       stack        00000
__Hstrings                                     strings      00000
__Hstringtext1                                 stringtext1  00000
__Hstringtext2                                 stringtext2  00000
__Hstringtext3                                 stringtext3  00000
__Htext                                        text         00000
__Labs1                                        abs1         00000
__Lbank0                                       bank0        00000
__Lbank1                                       bank1        00000
__Lbank10                                      bank10       00000
__Lbank11                                      bank11       00000
__Lbank12                                      bank12       00000
__Lbank13                                      bank13       00000
__Lbank14                                      bank14       00000
__Lbank15                                      bank15       00000
__Lbank16                                      bank16       00000
__Lbank17                                      bank17       00000
__Lbank18                                      bank18       00000
__Lbank19                                      bank19       00000
__Lbank2                                       bank2        00000
__Lbank20                                      bank20       00000
__Lbank21                                      bank21       00000
__Lbank22                                      bank22       00000
__Lbank23                                      bank23       00000
__Lbank24                                      bank24       00000
__Lbank25                                      bank25       00000
__Lbank26                                      bank26       00000
__Lbank27                                      bank27       00000
__Lbank28                                      bank28       00000
__Lbank29                                      bank29       00000
__Lbank3                                       bank3        00000
__Lbank30                                      bank30       00000
__Lbank31                                      bank31       00000
__Lbank4                                       bank4        00000
__Lbank5                                       bank5        00000
__Lbank6                                       bank6        00000
__Lbank7                                       bank7        00000
__Lbank8                                       bank8        00000
__Lbank9                                       bank9        00000
__Lbigram                                      bigram       00000
__LbssBANK0                                    bssBANK0     00000
__LbssBANK1                                    bssBANK1     00000
__Lcinit                                       cinit        0001B
__Lclrtext                                     clrtext      00000
__Lcode                                        code         00000
__Lcommon                                      common       00000
__Lconfig                                      config       00000
__LcstackBANK0                                 cstackBANK0  00000
__LcstackBANK1                                 cstackBANK1  00000
__LcstackCOMMON                                cstackCOMMON 00000
__LdataBANK1                                   dataBANK1    00000
__Leeprom_data                                 eeprom_data  00000
__Lend_init                                    end_init     00019
__Lfunctab                                     functab      00000
__Lheap                                        heap         00000
__LidataBANK1                                  idataBANK1   00000
__Lidloc                                       idloc        00000
__Linit                                        init         00019
__Linittext                                    inittext     00000
__Lintentry                                    intentry     00004
__Lmaintext                                    maintext     00000
__Lpowerup                                     powerup      00000
__Lram                                         ram          00000
__Lreset_vec                                   reset_vec    00000
__Lsfr0                                        sfr0         00000
__Lsfr1                                        sfr1         00000
__Lsfr10                                       sfr10        00000
__Lsfr11                                       sfr11        00000
__Lsfr12                                       sfr12        00000
__Lsfr13                                       sfr13        00000
__Lsfr14                                       sfr14        00000
__Lsfr15                                       sfr15        00000
__Lsfr16                                       sfr16        00000
__Lsfr17                                       sfr17        00000
__Lsfr18                                       sfr18        00000
__Lsfr19                                       sfr19        00000
__Lsfr2                                        sfr2         00000
__Lsfr20                                       sfr20        00000
__Lsfr21                                       sfr21        00000
__Lsfr22                                       sfr22        00000
__Lsfr23                                       sfr23        00000
__Lsfr24                                       sfr24        00000
__Lsfr25                                       sfr25        00000
__Lsfr26                                       sfr26        00000
__Lsfr27                                       sfr27        00000
__Lsfr28                                       sfr28        00000
__Lsfr29                                       sfr29        00000
__Lsfr3                                        sfr3         00000
__Lsfr30                                       sfr30        00000
__Lsfr31                                       sfr31        00000
__Lsfr4                                        sfr4         00000
__Lsfr5                                        sfr5         00000
__Lsfr6                                        sfr6         00000
__Lsfr7                                        sfr7         00000
__Lsfr8                                        sfr8         00000
__Lsfr9                                        sfr9         00000
__Lspace_0                                     (abs)        00000
__Lspace_1                                     (abs)        00000
__Lspace_2                                     (abs)        00000
__Lspace_3                                     (abs)        00000
__Lspace_4                                     (abs)        00000
__Lstack                                       stack        00000
__Lstrings                                     strings      00000
__Lstringtext1                                 stringtext1  00000
__Lstringtext2                                 stringtext2  00000
__Lstringtext3                                 stringtext3  00000
__Ltext                                        text         00000
__S0                                           (abs)        01045
__S1                                           (abs)        000F0
__Umul8_16                                     text26       009BE
__Umul8_16@multiplicand                        cstackBANK0  00030
__Umul8_16@multiplier                          cstackBANK0  00038
__Umul8_16@product                             cstackBANK0  00034
__Umul8_16@word_mpld                           cstackBANK0  00036
___awdiv                                       text10       00DD1
___awdiv@counter                               cstackBANK0  00035
___awdiv@dividend                              cstackBANK0  00032
___awdiv@divisor                               cstackBANK0  00030
___awdiv@quotient                              cstackBANK0  00037
___awdiv@sign                                  cstackBANK0  00036
___awmod                                       text9        007A9
___awmod@counter                               cstackBANK0  00035
___awmod@dividend                              cstackBANK0  00032
___awmod@divisor                               cstackBANK0  00030
___awmod@sign                                  cstackBANK0  00036
___fldiv                                       text27       0033E
___fldiv@a                                     cstackBANK1  000AD
___fldiv@aexp                                  cstackBANK1  000C1
___fldiv@b                                     cstackBANK1  000B1
___fldiv@bexp                                  cstackBANK1  000C0
___fldiv@grs                                   cstackBANK1  000BC
___fldiv@new_exp                               cstackBANK1  000BA
___fldiv@rem                                   cstackBANK1  000B5
___fldiv@sign                                  cstackBANK1  000B9
___flmul                                       text25       0003B
___flmul@a                                     cstackBANK0  00042
___flmul@aexp                                  cstackBANK1  000A1
___flmul@b                                     cstackBANK0  0003E
___flmul@bexp                                  cstackBANK1  000A6
___flmul@grs                                   cstackBANK1  000A2
___flmul@prod                                  cstackBANK1  000A7
___flmul@sign                                  cstackBANK1  000A0
___flmul@temp                                  cstackBANK1  000AB
___fltol                                       text24       00E31
___fltol@exp1                                  cstackBANK1  000CC
___fltol@f1                                    cstackBANK1  000C2
___fltol@sign1                                 cstackBANK1  000CB
___heap_hi                                     (abs)        00000
___heap_lo                                     (abs)        00000
___int_sp                                      stack        00000
___latbits                                     (abs)        00002
___llmod                                       text53       00BE0
___llmod@counter                               cstackCOMMON 00079
___llmod@dividend                              cstackCOMMON 00074
___llmod@divisor                               cstackCOMMON 00070
___lwdiv                                       text20       00B5D
___lwdiv@counter                               cstackBANK0  0003B
___lwdiv@dividend                              cstackBANK0  00038
___lwdiv@divisor                               cstackBANK0  00036
___lwdiv@quotient                              cstackBANK0  0003C
___sp                                          stack        00000
___stackhi                                     (abs)        00000
___stacklo                                     (abs)        00000
___wmul                                        text19       0097D
___wmul@multiplicand                           cstackBANK0  00032
___wmul@multiplier                             cstackBANK0  00030
___wmul@product                                cstackBANK0  00034
___xxtofl                                      text23       00EA6
___xxtofl@arg                                  cstackBANK0  0003A
___xxtofl@exp                                  cstackBANK0  00039
___xxtofl@sign                                 cstackBANK0  00038
___xxtofl@val                                  cstackBANK0  00030
__end_of_ADC_GetConversion                     text41       009BE
__end_of_ADC_Initialize                        text40       00856
__end_of_EUSART_Initialize                     text36       00A2C
__end_of_EUSART_SetErrorHandler                text39       00827
__end_of_EUSART_SetFramingErrorHandler         text38       0082D
__end_of_EUSART_SetOverrunErrorHandler         text37       00833
__end_of_INTERRUPT_InterruptManager            intentry     00019
__end_of_OSCILLATOR_Initialize                 text35       00883
__end_of_PIN_MANAGER_Initialize                text34       00ABD
__end_of_PWM3_Initialize                       text33       00861
__end_of_PWM3_LoadDutyValue                    text21       00944
__end_of_PWM4_Initialize                       text32       0086C
__end_of_PWM4_LoadDutyValue                    text22       0092B
__end_of_SYSTEM_Initialize                     text28       00912
__end_of_TMR2_Initialize                       text31       0088F
__end_of_TMR4_CallBack                         text44       0089C
__end_of_TMR4_DefaultInterruptHandler          text45       00004
__end_of_TMR4_ISR                              text43       008B2
__end_of_TMR4_Initialize                       text29       008E1
__end_of_TMR4_SetInterruptHandler              text30       00839
__end_of_TMR4_Start                            text16       00819
__end_of_TMR4_StartTimer                       text15       0081D
__end_of_TMR4_Stop                             text13       00800
__end_of_TMR4_StopTimer                        text12       00821
__end_of__Umul8_16                             text26       009E2
__end_of___awdiv                               text10       00E31
__end_of___awmod                               text9        007FD
__end_of___fldiv                               text27       00527
__end_of___flmul                               text25       0033E
__end_of___fltol                               text24       00EA6
__end_of___llmod                               text53       00C2A
__end_of___lwdiv                               text20       00B9A
__end_of___wmul                                text19       0099D
__end_of___xxtofl                              text23       00F53
__end_of__initialization                       cinit        00037
__end_of__tm1637ReadResult                     text7        00B5D
__end_of__tm1637Start                          text6        00AF0
__end_of__tm1637Stop                           text5        00CBE
__end_of__tm1637WriteByte                      text4        00DD1
__end_of_display_animation_timer_isr           text46       00C74
__end_of_duty_cycle                            text18       0097D
__end_of_main                                  maintext     006C1
__end_of_ramp_motor                            text17       007A9
__end_of_rotationMap                           stringtext3  01030
__end_of_rotationMapSize                       stringtext2  01045
__end_of_segmentMap                            stringtext1  01041
__end_of_tm1637CycleAnimationStart             text14       00A06
__end_of_tm1637CycleAnimationStop              text11       00877
__end_of_tm1637DisplayDecimal                  text3        01000
__end_of_tm1637DisplayDecimalRaw               text47       00D72
__end_of_tm1637Init                            text1        00A5B
__end_of_tm1637SetBrightness                   text2        0095F
__end_of_write_reg                             text8        008F9
__end_ofi1__tm1637ReadResult                   text51       00B25
__end_ofi1__tm1637Start                        text50       00A8B
__end_ofi1__tm1637Stop                         text49       00BE0
__end_ofi1__tm1637WriteByte                    text48       00D18
__end_ofi1_write_reg                           text52       008C9
__initialization                               cinit        0001B
__pbssBANK0                                    bssBANK0     00050
__pbssBANK1                                    bssBANK1     000E9
__pcstackBANK0                                 cstackBANK0  00020
__pcstackBANK1                                 cstackBANK1  000A0
__pcstackCOMMON                                cstackCOMMON 00070
__pdataBANK1                                   dataBANK1    000E1
__pidataBANK1                                  idataBANK1   00845
__pintentry                                    intentry     00004
__pmaintext                                    maintext     00527
__pstringtext1                                 stringtext1  01030
__pstringtext2                                 stringtext2  01041
__pstringtext3                                 stringtext3  01000
__ptext1                                       text1        00A2C
__ptext10                                      text10       00DD1
__ptext11                                      text11       0086C
__ptext12                                      text12       0081D
__ptext13                                      text13       007FD
__ptext14                                      text14       009E2
__ptext15                                      text15       00819
__ptext16                                      text16       00816
__ptext17                                      text17       006C1
__ptext18                                      text18       0095F
__ptext19                                      text19       0097D
__ptext2                                       text2        00944
__ptext20                                      text20       00B5D
__ptext21                                      text21       0092B
__ptext22                                      text22       00912
__ptext23                                      text23       00EA6
__ptext24                                      text24       00E31
__ptext25                                      text25       0003B
__ptext26                                      text26       009BE
__ptext27                                      text27       0033E
__ptext28                                      text28       008F9
__ptext29                                      text29       008C9
__ptext3                                       text3        00F53
__ptext30                                      text30       00833
__ptext31                                      text31       00883
__ptext32                                      text32       00861
__ptext33                                      text33       00856
__ptext34                                      text34       00A8B
__ptext35                                      text35       00877
__ptext36                                      text36       00A06
__ptext37                                      text37       0082D
__ptext38                                      text38       00827
__ptext39                                      text39       00821
__ptext4                                       text4        00D72
__ptext40                                      text40       0084D
__ptext41                                      text41       0099D
__ptext43                                      text43       0089C
__ptext44                                      text44       0088F
__ptext45                                      text45       00003
__ptext46                                      text46       00C2A
__ptext47                                      text47       00D18
__ptext48                                      text48       00CBE
__ptext49                                      text49       00B9A
__ptext5                                       text5        00C74
__ptext50                                      text50       00A5B
__ptext51                                      text51       00AF0
__ptext52                                      text52       008B2
__ptext53                                      text53       00BE0
__ptext6                                       text6        00ABD
__ptext7                                       text7        00B25
__ptext8                                       text8        008E1
__ptext9                                       text9        007A9
__tm1637ReadResult                             text7        00B25
__tm1637ReadResult@display                     cstackBANK0  00036
__tm1637Start                                  text6        00ABD
__tm1637Start@display                          cstackBANK0  00036
__tm1637Stop                                   text5        00C74
__tm1637Stop@display                           cstackBANK0  00036
__tm1637WriteByte                              text4        00D72
__tm1637WriteByte@b                            cstackBANK0  00036
__tm1637WriteByte@display                      cstackBANK0  0003A
__tm1637WriteByte@i                            cstackBANK0  00038
_displayHandle                                 bssBANK0     0005D
_display_animation_timer_isr                   text46       00C2A
_duty_cycle                                    text18       0095F
_eusartRxLastError                             bssBANK0     0005F
_main                                          maintext     00527
_main$2032                                     cstackBANK1  000CF
_ramp_motor                                    text17       006C1
_ramp_motor$2030                               cstackBANK1  000A4
_ramp_motor$2031                               cstackBANK1  000A6
_rotationAnimationStep                         bssBANK0     0005C
_rotationMap                                   stringtext3  01000
_rotationMapIdx                                bssBANK0     0005E
_segmentMap                                    stringtext1  01030
_tm1637CycleAnimationStart                     text14       009E2
_tm1637CycleAnimationStart$1017                cstackBANK0  00032
_tm1637CycleAnimationStop                      text11       0086C
_tm1637DisplayDecimal                          text3        00F53
_tm1637DisplayDecimalRaw                       text47       00D18
_tm1637Init                                    text1        00A2C
_tm1637SetBrightness                           text2        00944
_write_reg                                     text8        008E1
btemp                                          (abs)        0007E
clear_ram0                                     clrtext      00839
display_animation_timer_isr@digitArr           cstackBANK0  0002C
duty_cycle@percent                             cstackBANK0  0003E
end_of_initialization                          cinit        00037
i1__tm1637ReadResult                           text51       00AF0
i1__tm1637ReadResult@display                   cstackCOMMON 00076
i1__tm1637Start                                text50       00A5B
i1__tm1637Start@display                        cstackCOMMON 00076
i1__tm1637Stop                                 text49       00B9A
i1__tm1637Stop@display                         cstackCOMMON 00076
i1__tm1637WriteByte                            text48       00CBE
i1__tm1637WriteByte@b                          cstackCOMMON 00076
i1__tm1637WriteByte@display                    cstackCOMMON 0007A
i1__tm1637WriteByte@i                          cstackCOMMON 00078
i1_write_reg                                   text52       008B2
i1write_reg@data                               cstackCOMMON 00073
i1write_reg@pin                                cstackCOMMON 00070
init_ram                                       inittext     0083F
int$flags                                      (abs)        0007E
intlevel0                                      functab      00000
intlevel1                                      functab      00000
intlevel2                                      functab      00000
intlevel3                                      functab      00000
intlevel4                                      functab      00000
intlevel5                                      functab      00000
main@10207                                     cstackBANK1  000D8
main@10209                                     cstackBANK1  000DC
main@F10206                                    dataBANK1    000E5
main@F10208                                    dataBANK1    000E1
main@adc_conv                                  cstackBANK1  000D4
main@adc_v                                     cstackBANK1  000D6
main@dir                                       cstackBANK1  000D3
main@display                                   cstackBANK1  000E0
ramp_motor@curr_speed                          cstackBANK1  000AC
ramp_motor@dir                                 cstackBANK0  00048
ramp_motor@end_speed                           cstackBANK0  0004B
ramp_motor@gnd_controller                      cstackBANK1  000A8
ramp_motor@i                                   cstackBANK1  000AA
ramp_motor@ms                                  cstackBANK0  0004D
ramp_motor@speed_controller                    cstackBANK1  000AE
ramp_motor@speed_controller_A                  cstackBANK0  00044
ramp_motor@speed_controller_B                  cstackBANK0  00046
ramp_motor@start_speed                         cstackBANK0  00049
ramp_motor@step_sz                             cstackBANK1  000A2
reset_vec                                      reset_vec    00000
start                                          init         00019
start_initialization                           cinit        0001B
tm1637CycleAnimationStart@dir                  cstackBANK0  00030
tm1637CycleAnimationStart@display              cstackBANK0  00034
tm1637CycleAnimationStop@display               cstackBANK0  00030
tm1637DisplayDecimal@digitArr                  cstackBANK0  00040
tm1637DisplayDecimal@display                   cstackBANK0  00048
tm1637DisplayDecimal@displaySeparator          cstackBANK0  0003D
tm1637DisplayDecimal@i                         cstackBANK0  00046
tm1637DisplayDecimal@i_1049                    cstackBANK0  00044
tm1637DisplayDecimal@v                         cstackBANK0  0003B
tm1637DisplayDecimalRaw@digitArr               cstackCOMMON 0007B
tm1637DisplayDecimalRaw@display                cstackBANK0  00023
tm1637DisplayDecimalRaw@displaySeparator       cstackCOMMON 0007C
tm1637DisplayDecimalRaw@i                      cstackBANK0  00021
tm1637Init@CLK                                 cstackBANK0  00041
tm1637Init@DIO                                 cstackBANK0  0003E
tm1637Init@display                             bssBANK1     000E9
tm1637SetBrightness@brightness                 cstackBANK0  0003B
tm1637SetBrightness@display                    cstackBANK0  0003D
write_reg@data                                 cstackBANK0  00033
write_reg@pin                                  cstackBANK0  00030
wtemp0                                         (abs)        0007E


MODULE INFORMATION

Module		Function		Class		Link	Load	Size
C:\Program Files\Microchip\xc8\v2.36\pic\sources\c99\common\sprcmul.c
		___flmul       		CODE           	003B	0000	771

C:\Program Files\Microchip\xc8\v2.36\pic\sources\c99\common\sprcmul.c estimated size: 771

mcc_generated_files/tmr4.c
		_TMR4_ISR      		CODE           	089C	0000	22
		_TMR4_Initialize		CODE           	08C9	0000	24
		_TMR4_Stop     		CODE           	07FD	0000	3
		_TMR4_Start    		CODE           	0816	0000	3
		_TMR4_SetInterruptHandler		CODE           	0833	0000	6
		_TMR4_StopTimer		CODE           	081D	0000	4
		_TMR4_DefaultInterruptHandler		CODE           	0003	0000	1
		_TMR4_CallBack 		CODE           	088F	0000	13
		_TMR4_StartTimer		CODE           	0819	0000	4

mcc_generated_files/tmr4.c estimated size: 80

mcc_generated_files/pwm4.c
		_PWM4_Initialize		CODE           	0861	0000	11
		_PWM4_LoadDutyValue		CODE           	0912	0000	25

mcc_generated_files/pwm4.c estimated size: 36

C:\Program Files\Microchip\xc8\v2.36\pic\sources\c99\common\sprcdiv.c
		___fldiv       		CODE           	033E	0000	489

C:\Program Files\Microchip\xc8\v2.36\pic\sources\c99\common\sprcdiv.c estimated size: 489

mcc_generated_files/tmr2.c
		_TMR2_Initialize		CODE           	0883	0000	12

mcc_generated_files/tmr2.c estimated size: 12

mcc_generated_files/interrupt_manager.c
		_INTERRUPT_InterruptManager		CODE           	0004	0000	21

mcc_generated_files/interrupt_manager.c estimated size: 21

C:\Program Files\Microchip\xc8\v2.36\pic\sources\c99\common\awmod.c
		___awmod       		CODE           	07A9	0000	84

C:\Program Files\Microchip\xc8\v2.36\pic\sources\c99\common\awmod.c estimated size: 84

C:\Program Files\Microchip\xc8\v2.36\pic\sources\c99\common\llmod.c
		___llmod       		CODE           	0BE0	0000	74

C:\Program Files\Microchip\xc8\v2.36\pic\sources\c99\common\llmod.c estimated size: 74

C:\Program Files\Microchip\xc8\v2.36\pic\sources\c99\common\xxtofl.c
		___xxtofl      		CODE           	0EA6	0000	173

C:\Program Files\Microchip\xc8\v2.36\pic\sources\c99\common\xxtofl.c estimated size: 173

mcc_generated_files/pin_manager.c
		_PIN_MANAGER_Initialize		CODE           	0A8B	0000	50

mcc_generated_files/pin_manager.c estimated size: 50

C:\Program Files\Microchip\xc8\v2.36\pic\sources\c99\common\Umul8_16.c
		__Umul8_16     		CODE           	09BE	0000	36

C:\Program Files\Microchip\xc8\v2.36\pic\sources\c99\common\Umul8_16.c estimated size: 36

TM1637Display.c
		__tm1637Stop   		CODE           	0C74	0000	74
		_tm1637DisplayDecimalRaw		CODE           	0D18	0000	90
		__tm1637Start  		CODE           	0ABD	0000	51
		__tm1637WriteByte		CODE           	0D72	0000	95
		_tm1637Init    		CODE           	0A2C	0000	47
		_display_animation_timer_isr		CODE           	0C2A	0000	74
		_tm1637CycleAnimationStop		CODE           	086C	0000	11
		__tm1637ReadResult		CODE           	0B25	0000	56
		_tm1637DisplayDecimal		CODE           	0F53	0000	173
		_tm1637SetBrightness		CODE           	0944	0000	27
		_tm1637CycleAnimationStart		CODE           	09E2	0000	36

TM1637Display.c estimated size: 734

mcc_generated_files/adc.c
		_ADC_Initialize		CODE           	084D	0000	9
		_ADC_GetConversion		CODE           	099D	0000	33

mcc_generated_files/adc.c estimated size: 42

C:\Program Files\Microchip\xc8\v2.36\pic\sources\c99\common\lwdiv.c
		___lwdiv       		CODE           	0B5D	0000	61

C:\Program Files\Microchip\xc8\v2.36\pic\sources\c99\common\lwdiv.c estimated size: 61

C:\Program Files\Microchip\xc8\v2.36\pic\sources\c99\common\awdiv.c
		___awdiv       		CODE           	0DD1	0000	96

C:\Program Files\Microchip\xc8\v2.36\pic\sources\c99\common\awdiv.c estimated size: 96

C:\Program Files\Microchip\xc8\v2.36\pic\sources\c99\common\fltol.c
		___fltol       		CODE           	0E31	0000	117

C:\Program Files\Microchip\xc8\v2.36\pic\sources\c99\common\fltol.c estimated size: 117

shared
		_rotationMapSize		STRCODE        	0000	0000	0
		i1__tm1637WriteByte		CODE           	0CBE	0000	90
		i1_write_reg   		CODE           	08B2	0000	23
		i1__tm1637ReadResult		CODE           	0AF0	0000	53
		_segmentMap    		STRCODE        	1030	0000	17
		_rotationMap   		STRCODE        	1000	0000	48
		__initialization		CODE           	001B	0000	28
		i1__tm1637Stop 		CODE           	0B9A	0000	70
		i1__tm1637Start		CODE           	0A5B	0000	48

shared estimated size: 377

mcc_generated_files/mcc.c
		_OSCILLATOR_Initialize		CODE           	0877	0000	12
		_SYSTEM_Initialize		CODE           	08F9	0000	25

mcc_generated_files/mcc.c estimated size: 37

mcc_generated_files/pwm3.c
		_PWM3_Initialize		CODE           	0856	0000	11
		_PWM3_LoadDutyValue		CODE           	092B	0000	25

mcc_generated_files/pwm3.c estimated size: 36

mcc_generated_files/eusart.c
		_EUSART_Initialize		CODE           	0A06	0000	38
		_EUSART_SetFramingErrorHandler		CODE           	0827	0000	6
		_EUSART_SetErrorHandler		CODE           	0821	0000	6
		_EUSART_SetOverrunErrorHandler		CODE           	082D	0000	6

mcc_generated_files/eusart.c estimated size: 56

main.c
		_main          		CODE           	0527	0000	410
		_duty_cycle    		CODE           	095F	0000	30
		_ramp_motor    		CODE           	06C1	0000	232

main.c estimated size: 672

custom_pin.c
		_write_reg     		CODE           	08E1	0000	24

custom_pin.c estimated size: 24

C:\Program Files\Microchip\xc8\v2.36\pic\sources\c99\common\Umul16.c
		___wmul        		CODE           	097D	0000	32

C:\Program Files\Microchip\xc8\v2.36\pic\sources\c99\common\Umul16.c estimated size: 32

